should render a ServiceAccount by default:
  1: |
    apiVersion: v1
    automountServiceAccountToken: false
    imagePullSecrets: null
    kind: ServiceAccount
    metadata:
      annotations: {}
      labels:
        app.kubernetes.io/instance: RELEASE-NAME
        app.kubernetes.io/managed-by: Helm
        app.kubernetes.io/name: portal-web
        app.kubernetes.io/version: v9.9.9
        helm.sh/chart: portal-web-1.2.3
      name: release-name-portal-web-sa
      namespace: NAMESPACE
