should render 1 serviceaccount by default:
  1: |
    apiVersion: v1
    automountServiceAccountToken: false
    imagePullSecrets: null
    kind: ServiceAccount
    metadata:
      annotations: {}
      labels:
        app.kubernetes.io/instance: RELEASE-NAME
        app.kubernetes.io/managed-by: Helm
        app.kubernetes.io/name: platform
        app.kubernetes.io/version: v1.2.3+1234567890
        helm.sh/chart: platform-9.9.9
      name: release-name-platform-sa
      namespace: NAMESPACE
