should apply commonLabels to all ConfigMaps:
  1: |
    app.kubernetes.io/instance: RELEASE-NAME
    app.kubernetes.io/managed-by: Helm
    app.kubernetes.io/name: studios
    app.kubernetes.io/version: v1.2.3_abcdef
    environment: dev
    helm.sh/chart: studios-9.8.7
    team: platform
  2: |
    app.kubernetes.io/instance: RELEASE-NAME
    app.kubernetes.io/managed-by: Helm
    app.kubernetes.io/name: studios
    app.kubernetes.io/version: v1.2.3_abcdef
    environment: dev
    helm.sh/chart: studios-9.8.7
    team: platform
  3: |
    app.kubernetes.io/instance: RELEASE-NAME
    app.kubernetes.io/managed-by: Helm
    app.kubernetes.io/name: studios
    app.kubernetes.io/version: v1.2.3_abcdef
    environment: dev
    helm.sh/chart: studios-9.8.7
    team: platform
should apply configMapLabels to all ConfigMaps:
  1: |
    app.kubernetes.io/instance: RELEASE-NAME
    app.kubernetes.io/managed-by: Helm
    app.kubernetes.io/name: studios
    app.kubernetes.io/version: v1.2.3_abcdef
    custom-label: custom-value
    helm.sh/chart: studios-9.8.7
  2: |
    app.kubernetes.io/instance: RELEASE-NAME
    app.kubernetes.io/managed-by: Helm
    app.kubernetes.io/name: studios
    app.kubernetes.io/version: v1.2.3_abcdef
    custom-label: custom-value
    helm.sh/chart: studios-9.8.7
  3: |
    app.kubernetes.io/instance: RELEASE-NAME
    app.kubernetes.io/managed-by: Helm
    app.kubernetes.io/name: studios
    app.kubernetes.io/version: v1.2.3_abcdef
    custom-label: custom-value
    helm.sh/chart: studios-9.8.7
should evaluate template expressions in commonLabels:
  1: |
    app.kubernetes.io/instance: RELEASE-NAME
    app.kubernetes.io/managed-by: Helm
    app.kubernetes.io/name: studios
    app.kubernetes.io/version: v1.2.3_abcdef
    chart: studios
    helm.sh/chart: studios-9.8.7
    release: RELEASE-NAME
  2: |
    app.kubernetes.io/instance: RELEASE-NAME
    app.kubernetes.io/managed-by: Helm
    app.kubernetes.io/name: studios
    app.kubernetes.io/version: v1.2.3_abcdef
    chart: studios
    helm.sh/chart: studios-9.8.7
    release: RELEASE-NAME
  3: |
    app.kubernetes.io/instance: RELEASE-NAME
    app.kubernetes.io/managed-by: Helm
    app.kubernetes.io/name: studios
    app.kubernetes.io/version: v1.2.3_abcdef
    chart: studios
    helm.sh/chart: studios-9.8.7
    release: RELEASE-NAME
should evaluate template expressions in configMapLabels:
  1: |
    app.kubernetes.io/instance: RELEASE-NAME
    app.kubernetes.io/managed-by: Helm
    app.kubernetes.io/name: studios
    app.kubernetes.io/version: v1.2.3_abcdef
    helm.sh/chart: studios-9.8.7
    release: RELEASE-NAME
  2: |
    app.kubernetes.io/instance: RELEASE-NAME
    app.kubernetes.io/managed-by: Helm
    app.kubernetes.io/name: studios
    app.kubernetes.io/version: v1.2.3_abcdef
    helm.sh/chart: studios-9.8.7
    release: RELEASE-NAME
  3: |
    app.kubernetes.io/instance: RELEASE-NAME
    app.kubernetes.io/managed-by: Helm
    app.kubernetes.io/name: studios
    app.kubernetes.io/version: v1.2.3_abcdef
    helm.sh/chart: studios-9.8.7
    release: RELEASE-NAME
should merge commonLabels and configMapLabels with configMapLabels taking precedence:
  1: |
    app.kubernetes.io/instance: RELEASE-NAME
    app.kubernetes.io/managed-by: Helm
    app.kubernetes.io/name: studios
    app.kubernetes.io/version: v1.2.3_abcdef
    component: configmap
    environment: configmap-env
    helm.sh/chart: studios-9.8.7
    team: platform
  2: |
    app.kubernetes.io/instance: RELEASE-NAME
    app.kubernetes.io/managed-by: Helm
    app.kubernetes.io/name: studios
    app.kubernetes.io/version: v1.2.3_abcdef
    component: configmap
    environment: configmap-env
    helm.sh/chart: studios-9.8.7
    team: platform
  3: |
    app.kubernetes.io/instance: RELEASE-NAME
    app.kubernetes.io/managed-by: Helm
    app.kubernetes.io/name: studios
    app.kubernetes.io/version: v1.2.3_abcdef
    component: configmap
    environment: configmap-env
    helm.sh/chart: studios-9.8.7
    team: platform
