should render a Deployment with default values:
  1: |
    apiVersion: apps/v1
    kind: Deployment
    metadata:
      labels:
        app.kubernetes.io/component: mcp
        app.kubernetes.io/instance: RELEASE-NAME
        app.kubernetes.io/managed-by: Helm
        app.kubernetes.io/name: mcp
        app.kubernetes.io/version: v9.9.9
        helm.sh/chart: mcp-1.2.3
      name: release-name-mcp
      namespace: NAMESPACE
    spec:
      selector:
        matchLabels:
          app.kubernetes.io/component: mcp
          app.kubernetes.io/instance: RELEASE-NAME
          app.kubernetes.io/name: mcp
      template:
        metadata:
          annotations:
            checksum/configmap: 595e1244e288fa87e428d959b87d4666a798d74cadd57abec6658a548cf725a0
            checksum/secret: c02f86a51632209a540a8a0e36bd7bf3aadaf054e628be683b4c60c100b3e3b5
          labels:
            app.kubernetes.io/component: mcp
            app.kubernetes.io/instance: RELEASE-NAME
            app.kubernetes.io/managed-by: Helm
            app.kubernetes.io/name: mcp
            app.kubernetes.io/version: v9.9.9
            helm.sh/chart: mcp-1.2.3
        spec:
          containers:
            - env:
                - name: TOWER_OIDC_REGISTRATION_INITIAL_ACCESS_TOKEN
                  valueFrom:
                    secretKeyRef:
                      key: MY_OIDC_TOKEN
                      name: my-oidc-secret
                - name: OAUTH_JWT_SECRET
                  valueFrom:
                    secretKeyRef:
                      key: jwt-seed-key
                      name: my-jwt-secret
              envFrom:
                - configMapRef:
                    name: release-name-mcp
              image: private/nf-tower-enterprise/mcp:v9.9.9
              imagePullPolicy: IfNotPresent
              livenessProbe:
                failureThreshold: 10
                httpGet:
                  path: /health
                  port: 6010
                initialDelaySeconds: 5
                periodSeconds: 10
                successThreshold: 1
                timeoutSeconds: 3
              name: mcp
              readinessProbe:
                failureThreshold: 5
                httpGet:
                  path: /health
                  port: 6010
                initialDelaySeconds: 5
                periodSeconds: 5
                successThreshold: 1
                timeoutSeconds: 3
              securityContext:
                capabilities:
                  drop:
                    - ALL
                readOnlyRootFilesystem: true
                runAsNonRoot: true
                runAsUser: 101
              volumeMounts:
                - mountPath: /tmp
                  name: tmp
          initContainers:
            - command:
                - sh
                - -c
                - |
                  echo "$(date): starting check for platform to be ready at \"${PLATFORM_HOST}:${PLATFORM_PORT}/health\""
                  until curl -s ${PLATFORM_HOST}:${PLATFORM_PORT}/health |grep -q \"UP\"; do
                    echo "$(date): see you in $SLEEP_PERIOD_SECONDS seconds"
                    sleep $SLEEP_PERIOD_SECONDS
                  done
                  echo "$(date): platform ready"
              env:
                - name: SLEEP_PERIOD_SECONDS
                  value: "5"
                - name: PLATFORM_HOST
                  value: release-name-platform-backend
                - name: PLATFORM_PORT
                  value: "8080"
              image: curlimages/curl:latest
              imagePullPolicy: IfNotPresent
              name: wait-for-platform
              resources:
                limits:
                  memory: 100Mi
                requests:
                  cpu: "0.1"
                  memory: 50Mi
              securityContext:
                capabilities:
                  drop:
                    - ALL
                readOnlyRootFilesystem: true
                runAsNonRoot: true
                runAsUser: 101
          securityContext:
            fsGroup: 101
          serviceAccountName: release-name-mcp-sa
          volumes:
            - emptyDir: {}
              name: tmp
