should render a Secret with default values:
  1: |
    apiVersion: v1
    data:
      MCP_OAUTH_INITIAL_ACCESS_TOKEN: bXktb2lkYy10b2tlbg==
      MCP_OAUTH_JWT_SECRET: bXlzZWNyZXRqd3RzZWVk
    kind: Secret
    metadata:
      annotations: {}
      labels:
        app.kubernetes.io/instance: RELEASE-NAME
        app.kubernetes.io/managed-by: Helm
        app.kubernetes.io/name: mcp
        app.kubernetes.io/version: v9.9.9
        helm.sh/chart: mcp-1.2.3
      name: release-name-mcp
      namespace: NAMESPACE
    type: Opaque
