should render a ServiceAccount by default:
  1: |
    apiVersion: v1
    automountServiceAccountToken: true
    imagePullSecrets: null
    kind: ServiceAccount
    metadata:
      annotations: {}
      labels:
        app.kubernetes.io/instance: RELEASE-NAME
        app.kubernetes.io/managed-by: Helm
        app.kubernetes.io/name: mcp
        app.kubernetes.io/version: v9.9.9
        helm.sh/chart: mcp-1.2.3
      name: release-name-mcp-sa
      namespace: NAMESPACE
