should render complete secret with all features enabled:
  1: |
    apiVersion: v1
    data:
      CONNECT_REDIS_PASSWORD: dGVzdC1yZWRpcy1wYXNzd29yZA==
      OIDC_CLIENT_REGISTRATION_TOKEN: dGVzdC1vaWRjLXRva2VuLTEyMzQ1Njc4OTAxMjM0
    kind: Secret
    metadata:
      annotations:
        custom-annotation: custom-annotation-value
        team: platform
      labels:
        app.kubernetes.io/instance: RELEASE-NAME
        app.kubernetes.io/managed-by: Helm
        app.kubernetes.io/name: studios
        app.kubernetes.io/version: 0.8.0
        custom-label: custom-value
        environment: test
        helm.sh/chart: studios-1.0.0
      name: release-name-studios
      namespace: NAMESPACE
