should render serviceaccount with all custom values:
  1: |
    apiVersion: v1
    automountServiceAccountToken: false
    imagePullSecrets:
      - name: release-name-studios-imagepullsecret
      - name: custom-secret-1
    kind: ServiceAccount
    metadata:
      annotations:
        common-annotation: common-value
        sa-annotation: sa-value
      labels:
        app.kubernetes.io/instance: RELEASE-NAME
        app.kubernetes.io/managed-by: Helm
        app.kubernetes.io/name: studios
        app.kubernetes.io/version: 1.2.3
        helm.sh/chart: studios-9.9.9
        team: platform
      name: release-name-studios-sa
      namespace: NAMESPACE
