should render a Secret with default values:
  1: |
    apiVersion: v1
    data:
      WAVE_DB_PASSWORD: dGVzdC1kYi1wYXNzd29yZA==
    kind: Secret
    metadata:
      annotations: {}
      labels:
        app.kubernetes.io/instance: RELEASE-NAME
        app.kubernetes.io/managed-by: Helm
        app.kubernetes.io/name: wave
        app.kubernetes.io/version: v1.32.4
        helm.sh/chart: wave-1.2.3
      name: release-name-wave
      namespace: NAMESPACE
    type: Opaque
