should render a Deployment with default values:
  1: |
    apiVersion: apps/v1
    kind: Deployment
    metadata:
      labels:
        app.kubernetes.io/component: agent-backend
        app.kubernetes.io/instance: RELEASE-NAME
        app.kubernetes.io/managed-by: Helm
        app.kubernetes.io/name: agent-backend
        app.kubernetes.io/version: v9.9.9
        helm.sh/chart: agent-backend-1.2.3
      name: release-name-agent-backend
      namespace: NAMESPACE
    spec:
      selector:
        matchLabels:
          app.kubernetes.io/component: agent-backend
          app.kubernetes.io/instance: RELEASE-NAME
          app.kubernetes.io/name: agent-backend
      template:
        metadata:
          annotations:
            checksum/configmap: 4fd3b6c3d69a041721baec8095e4140d5b3f5d9e2d2e719376085a1e601184d5
            checksum/secret: f075db11f29c8f74afed5d95834ff296872f4726283c2975429d4cd672cbbf02
          labels:
            app.kubernetes.io/component: agent-backend
            app.kubernetes.io/instance: RELEASE-NAME
            app.kubernetes.io/managed-by: Helm
            app.kubernetes.io/name: agent-backend
            app.kubernetes.io/version: v9.9.9
            helm.sh/chart: agent-backend-1.2.3
        spec:
          containers:
            - envFrom:
                - configMapRef:
                    name: release-name-agent-backend
                - secretRef:
                    name: release-name-agent-backend
              image: private/nf-tower-enterprise/agent-backend:v9.9.9
              imagePullPolicy: IfNotPresent
              livenessProbe:
                failureThreshold: 10
                httpGet:
                  path: /health
                  port: 8002
                initialDelaySeconds: 5
                periodSeconds: 10
                successThreshold: 1
                timeoutSeconds: 3
              name: agent-backend
              ports:
                - containerPort: "8002"
                  name: http
              readinessProbe:
                failureThreshold: 5
                httpGet:
                  path: /health
                  port: 8002
                initialDelaySeconds: 5
                periodSeconds: 5
                successThreshold: 1
                timeoutSeconds: 3
              volumeMounts:
                - mountPath: /tmp
                  name: tmp
          initContainers:
            - command:
                - sh
                - -c
                - |
                  echo "$(date): starting check for db $DB_HOST:$DB_PORT"
                  until mysql -h "$DB_HOST" -P "$DB_PORT" -D "$DB_NAME" -u"$DB_USERNAME" -p"$DB_PASSWORD" -e "SELECT VERSION()"; do
                    echo "$(date): see you in 5 seconds"
                    sleep 5
                  done
                  echo "$(date): db server ready"
              env:
                - name: DB_HOST
                  valueFrom:
                    configMapKeyRef:
                      key: AGENT_BACKEND_DB_HOST
                      name: release-name-agent-backend
                - name: DB_PORT
                  valueFrom:
                    configMapKeyRef:
                      key: AGENT_BACKEND_DB_PORT
                      name: release-name-agent-backend
                - name: DB_NAME
                  valueFrom:
                    configMapKeyRef:
                      key: AGENT_BACKEND_DB_NAME
                      name: release-name-agent-backend
                - name: DB_USERNAME
                  valueFrom:
                    configMapKeyRef:
                      key: AGENT_BACKEND_DB_USER
                      name: release-name-agent-backend
                - name: DB_PASSWORD
                  valueFrom:
                    secretKeyRef:
                      key: AGENT_BACKEND_DB_PASSWORD
                      name: release-name-agent-backend
                - name: BBB_DB_PASSWORD
                  valueFrom:
                    secretKeyRef:
                      key: AGENT_BACKEND_DB_PASSWORD
                      name: release-name-agent-backend
                - name: CCC_DB_PASSWORD
                  valueFrom:
                    secretKeyRef:
                      key: AGENT_BACKEND_DB_PASSWORD
                      name: release-name-agent-backend
              image: mysql:9
              imagePullPolicy: IfNotPresent
              name: wait-for-db
              resources:
                limits:
                  memory: 500Mi
                requests:
                  cpu: 50m
                  memory: 500Mi
              securityContext:
                capabilities:
                  drop:
                    - ALL
                readOnlyRootFilesystem: true
                runAsNonRoot: true
                runAsUser: 101
            - command:
                - ./init.sh
              envFrom:
                - configMapRef:
                    name: release-name-agent-backend
                - secretRef:
                    name: release-name-agent-backend
              image: private/nf-tower-enterprise/agent-backend:v9.9.9
              imagePullPolicy: IfNotPresent
              name: init
              securityContext:
                capabilities:
                  drop:
                    - ALL
                readOnlyRootFilesystem: true
                runAsNonRoot: true
                runAsUser: 101
              volumeMounts:
                - mountPath: /tmp
                  name: tmp
          securityContext:
            fsGroup: 101
            runAsNonRoot: true
          serviceAccountName: release-name-agent-backend-sa
          volumes:
            - emptyDir: {}
              name: tmp
