should render a Secret with default values:
  1: |
    apiVersion: v1
    data:
      AGENT_BACKEND_DB_PASSWORD: dGVzdC1kYi1wYXNzd29yZA==
      AGENT_BACKEND_TOKEN_ENCRYPTION_KEY: dGVzdC10b2tlbi1lbmNyeXB0aW9uLWtleQ==
      ANTHROPIC_API_KEY: dGVzdC1hbnRocm9waWMta2V5
      LANGCHAIN_API_KEY: dGVzdC1sYW5nY2hhaW4ta2V5
      POSTHOG_API_KEY: dGVzdC1wb3N0aG9nLWtleQ==
    kind: Secret
    metadata:
      annotations: {}
      labels:
        app.kubernetes.io/instance: RELEASE-NAME
        app.kubernetes.io/managed-by: Helm
        app.kubernetes.io/name: agent-backend
        app.kubernetes.io/version: v9.9.9
        helm.sh/chart: agent-backend-1.2.3
      name: release-name-agent-backend
      namespace: NAMESPACE
    type: Opaque
