should handle empty Studios tools map:
  1: |
    apiVersion: v1
    data:
      GROUNDSWELL_SERVER_URL: http://RELEASE-NAME-pipeline-optimization:8090
      MICRONAUT_ENVIRONMENTS: prod,redis,ha,wave,groundswell
      TOWER_DATA_EXPLORER_ENABLED: "false"
      TOWER_DATA_STUDIO_CONNECT_URL: https://connect.studios.example.com
      TOWER_DATA_STUDIO_TEMPLATES_JUPYTER-OLD_ICON: jupyter
      TOWER_DATA_STUDIO_TEMPLATES_JUPYTER-OLD_REPOSITORY: public.cr.seqera.io/platform/data-studio-jupyter:4.1.5-0.7.1
      TOWER_DATA_STUDIO_TEMPLATES_JUPYTER-OLD_STATUS: deprecated
      TOWER_DATA_STUDIO_TEMPLATES_JUPYTER-OLD_TOOL: jupyter
      TOWER_DATA_STUDIO_TEMPLATES_JUPYTER_ICON: jupyter
      TOWER_DATA_STUDIO_TEMPLATES_JUPYTER_REPOSITORY: public.cr.seqera.io/platform/data-studio-jupyter:4.2.5-0.8
      TOWER_DATA_STUDIO_TEMPLATES_JUPYTER_STATUS: recommended
      TOWER_DATA_STUDIO_TEMPLATES_JUPYTER_TOOL: jupyter
      TOWER_DATA_STUDIO_TEMPLATES_RSTUDIO_ICON: rstudio
      TOWER_DATA_STUDIO_TEMPLATES_RSTUDIO_REPOSITORY: public.cr.seqera.io/platform/data-studio-ride:2025.04.1-0.8
      TOWER_DATA_STUDIO_TEMPLATES_RSTUDIO_STATUS: recommended
      TOWER_DATA_STUDIO_TEMPLATES_RSTUDIO_TOOL: rstudio
      TOWER_DATA_STUDIO_TEMPLATES_VSCODE-OLD_ICON: vscode
      TOWER_DATA_STUDIO_TEMPLATES_VSCODE-OLD_REPOSITORY: public.cr.seqera.io/platform/data-studio-vscode:1.93.1-0.8
      TOWER_DATA_STUDIO_TEMPLATES_VSCODE-OLD_STATUS: deprecated
      TOWER_DATA_STUDIO_TEMPLATES_VSCODE-OLD_TOOL: vscode
      TOWER_DATA_STUDIO_TEMPLATES_VSCODE_ICON: vscode
      TOWER_DATA_STUDIO_TEMPLATES_VSCODE_REPOSITORY: public.cr.seqera.io/platform/data-studio-vscode:1.101.2-0.8
      TOWER_DATA_STUDIO_TEMPLATES_VSCODE_STATUS: recommended
      TOWER_DATA_STUDIO_TEMPLATES_VSCODE_TOOL: vscode
      TOWER_DATA_STUDIO_TEMPLATES_XPRA_ICON: xpra
      TOWER_DATA_STUDIO_TEMPLATES_XPRA_REPOSITORY: public.cr.seqera.io/platform/data-studio-xpra:6.2.0-r2-1-0.8
      TOWER_DATA_STUDIO_TEMPLATES_XPRA_STATUS: recommended
      TOWER_DATA_STUDIO_TEMPLATES_XPRA_TOOL: xpra
      TOWER_OIDC_PEM_PATH: /data/certs/oidc.pem
    kind: ConfigMap
    metadata:
      annotations: {}
      labels:
        app.kubernetes.io/instance: RELEASE-NAME
        app.kubernetes.io/managed-by: Helm
        app.kubernetes.io/name: platform
        app.kubernetes.io/version: v9.9.9
        helm.sh/chart: platform-1.2.3
      name: release-name-platform-backend
      namespace: NAMESPACE
should render Studios tools environment variables when studios is enabled with default tools:
  1: |
    apiVersion: v1
    data:
      GROUNDSWELL_SERVER_URL: http://RELEASE-NAME-pipeline-optimization:8090
      MICRONAUT_ENVIRONMENTS: prod,redis,ha,wave,groundswell
      TOWER_DATA_EXPLORER_ENABLED: "false"
      TOWER_DATA_STUDIO_CONNECT_URL: https://connect.studios.example.com
      TOWER_DATA_STUDIO_TEMPLATES_JUPYTER-OLD_ICON: jupyter
      TOWER_DATA_STUDIO_TEMPLATES_JUPYTER-OLD_REPOSITORY: public.cr.seqera.io/platform/data-studio-jupyter:4.1.5-0.7.1
      TOWER_DATA_STUDIO_TEMPLATES_JUPYTER-OLD_STATUS: deprecated
      TOWER_DATA_STUDIO_TEMPLATES_JUPYTER-OLD_TOOL: jupyter
      TOWER_DATA_STUDIO_TEMPLATES_JUPYTER_ICON: jupyter
      TOWER_DATA_STUDIO_TEMPLATES_JUPYTER_REPOSITORY: public.cr.seqera.io/platform/data-studio-jupyter:4.2.5-0.8
      TOWER_DATA_STUDIO_TEMPLATES_JUPYTER_STATUS: recommended
      TOWER_DATA_STUDIO_TEMPLATES_JUPYTER_TOOL: jupyter
      TOWER_DATA_STUDIO_TEMPLATES_RSTUDIO_ICON: rstudio
      TOWER_DATA_STUDIO_TEMPLATES_RSTUDIO_REPOSITORY: public.cr.seqera.io/platform/data-studio-ride:2025.04.1-0.8
      TOWER_DATA_STUDIO_TEMPLATES_RSTUDIO_STATUS: recommended
      TOWER_DATA_STUDIO_TEMPLATES_RSTUDIO_TOOL: rstudio
      TOWER_DATA_STUDIO_TEMPLATES_VSCODE-OLD_ICON: vscode
      TOWER_DATA_STUDIO_TEMPLATES_VSCODE-OLD_REPOSITORY: public.cr.seqera.io/platform/data-studio-vscode:1.93.1-0.8
      TOWER_DATA_STUDIO_TEMPLATES_VSCODE-OLD_STATUS: deprecated
      TOWER_DATA_STUDIO_TEMPLATES_VSCODE-OLD_TOOL: vscode
      TOWER_DATA_STUDIO_TEMPLATES_VSCODE_ICON: vscode
      TOWER_DATA_STUDIO_TEMPLATES_VSCODE_REPOSITORY: public.cr.seqera.io/platform/data-studio-vscode:1.101.2-0.8
      TOWER_DATA_STUDIO_TEMPLATES_VSCODE_STATUS: recommended
      TOWER_DATA_STUDIO_TEMPLATES_VSCODE_TOOL: vscode
      TOWER_DATA_STUDIO_TEMPLATES_XPRA_ICON: xpra
      TOWER_DATA_STUDIO_TEMPLATES_XPRA_REPOSITORY: public.cr.seqera.io/platform/data-studio-xpra:6.2.0-r2-1-0.8
      TOWER_DATA_STUDIO_TEMPLATES_XPRA_STATUS: recommended
      TOWER_DATA_STUDIO_TEMPLATES_XPRA_TOOL: xpra
      TOWER_OIDC_PEM_PATH: /data/certs/oidc.pem
    kind: ConfigMap
    metadata:
      annotations: {}
      labels:
        app.kubernetes.io/instance: RELEASE-NAME
        app.kubernetes.io/managed-by: Helm
        app.kubernetes.io/name: platform
        app.kubernetes.io/version: v9.9.9
        helm.sh/chart: platform-1.2.3
      name: release-name-platform-backend
      namespace: NAMESPACE
should render backend cm with default values:
  1: |
    apiVersion: v1
    data:
      GROUNDSWELL_SERVER_URL: http://RELEASE-NAME-pipeline-optimization:8090
      MICRONAUT_ENVIRONMENTS: prod,redis,ha,wave,groundswell
      TOWER_DATA_EXPLORER_ENABLED: "false"
      TOWER_DATA_STUDIO_CONNECT_URL: https://connect.studios.example.com
      TOWER_DATA_STUDIO_TEMPLATES_JUPYTER-OLD_ICON: jupyter
      TOWER_DATA_STUDIO_TEMPLATES_JUPYTER-OLD_REPOSITORY: public.cr.seqera.io/platform/data-studio-jupyter:4.1.5-0.7.1
      TOWER_DATA_STUDIO_TEMPLATES_JUPYTER-OLD_STATUS: deprecated
      TOWER_DATA_STUDIO_TEMPLATES_JUPYTER-OLD_TOOL: jupyter
      TOWER_DATA_STUDIO_TEMPLATES_JUPYTER_ICON: jupyter
      TOWER_DATA_STUDIO_TEMPLATES_JUPYTER_REPOSITORY: public.cr.seqera.io/platform/data-studio-jupyter:4.2.5-0.8
      TOWER_DATA_STUDIO_TEMPLATES_JUPYTER_STATUS: recommended
      TOWER_DATA_STUDIO_TEMPLATES_JUPYTER_TOOL: jupyter
      TOWER_DATA_STUDIO_TEMPLATES_RSTUDIO_ICON: rstudio
      TOWER_DATA_STUDIO_TEMPLATES_RSTUDIO_REPOSITORY: public.cr.seqera.io/platform/data-studio-ride:2025.04.1-0.8
      TOWER_DATA_STUDIO_TEMPLATES_RSTUDIO_STATUS: recommended
      TOWER_DATA_STUDIO_TEMPLATES_RSTUDIO_TOOL: rstudio
      TOWER_DATA_STUDIO_TEMPLATES_VSCODE-OLD_ICON: vscode
      TOWER_DATA_STUDIO_TEMPLATES_VSCODE-OLD_REPOSITORY: public.cr.seqera.io/platform/data-studio-vscode:1.93.1-0.8
      TOWER_DATA_STUDIO_TEMPLATES_VSCODE-OLD_STATUS: deprecated
      TOWER_DATA_STUDIO_TEMPLATES_VSCODE-OLD_TOOL: vscode
      TOWER_DATA_STUDIO_TEMPLATES_VSCODE_ICON: vscode
      TOWER_DATA_STUDIO_TEMPLATES_VSCODE_REPOSITORY: public.cr.seqera.io/platform/data-studio-vscode:1.101.2-0.8
      TOWER_DATA_STUDIO_TEMPLATES_VSCODE_STATUS: recommended
      TOWER_DATA_STUDIO_TEMPLATES_VSCODE_TOOL: vscode
      TOWER_DATA_STUDIO_TEMPLATES_XPRA_ICON: xpra
      TOWER_DATA_STUDIO_TEMPLATES_XPRA_REPOSITORY: public.cr.seqera.io/platform/data-studio-xpra:6.2.0-r2-1-0.8
      TOWER_DATA_STUDIO_TEMPLATES_XPRA_STATUS: recommended
      TOWER_DATA_STUDIO_TEMPLATES_XPRA_TOOL: xpra
      TOWER_OIDC_PEM_PATH: /data/certs/oidc.pem
    kind: ConfigMap
    metadata:
      annotations: {}
      labels:
        app.kubernetes.io/instance: RELEASE-NAME
        app.kubernetes.io/managed-by: Helm
        app.kubernetes.io/name: platform
        app.kubernetes.io/version: v9.9.9
        helm.sh/chart: platform-1.2.3
      name: release-name-platform-backend
      namespace: NAMESPACE
should render custom Studios tool when provided:
  1: |
    apiVersion: v1
    data:
      GROUNDSWELL_SERVER_URL: http://RELEASE-NAME-pipeline-optimization:8090
      MICRONAUT_ENVIRONMENTS: prod,redis,ha,wave,groundswell
      TOWER_DATA_EXPLORER_ENABLED: "false"
      TOWER_DATA_STUDIO_CONNECT_URL: https://connect.studios.example.com
      TOWER_DATA_STUDIO_TEMPLATES_CUSTOMTOOL_ICON: customtool
      TOWER_DATA_STUDIO_TEMPLATES_CUSTOMTOOL_REPOSITORY: registry.example.com/custom-tool:v1.0.0
      TOWER_DATA_STUDIO_TEMPLATES_CUSTOMTOOL_STATUS: recommended
      TOWER_DATA_STUDIO_TEMPLATES_CUSTOMTOOL_TOOL: customtool
      TOWER_DATA_STUDIO_TEMPLATES_JUPYTER-OLD_ICON: jupyter
      TOWER_DATA_STUDIO_TEMPLATES_JUPYTER-OLD_REPOSITORY: public.cr.seqera.io/platform/data-studio-jupyter:4.1.5-0.7.1
      TOWER_DATA_STUDIO_TEMPLATES_JUPYTER-OLD_STATUS: deprecated
      TOWER_DATA_STUDIO_TEMPLATES_JUPYTER-OLD_TOOL: jupyter
      TOWER_DATA_STUDIO_TEMPLATES_JUPYTER_ICON: jupyter
      TOWER_DATA_STUDIO_TEMPLATES_JUPYTER_REPOSITORY: public.cr.seqera.io/platform/data-studio-jupyter:4.2.5-0.8
      TOWER_DATA_STUDIO_TEMPLATES_JUPYTER_STATUS: recommended
      TOWER_DATA_STUDIO_TEMPLATES_JUPYTER_TOOL: jupyter
      TOWER_DATA_STUDIO_TEMPLATES_RSTUDIO_ICON: rstudio
      TOWER_DATA_STUDIO_TEMPLATES_RSTUDIO_REPOSITORY: public.cr.seqera.io/platform/data-studio-ride:2025.04.1-0.8
      TOWER_DATA_STUDIO_TEMPLATES_RSTUDIO_STATUS: recommended
      TOWER_DATA_STUDIO_TEMPLATES_RSTUDIO_TOOL: rstudio
      TOWER_DATA_STUDIO_TEMPLATES_VSCODE-OLD_ICON: vscode
      TOWER_DATA_STUDIO_TEMPLATES_VSCODE-OLD_REPOSITORY: public.cr.seqera.io/platform/data-studio-vscode:1.93.1-0.8
      TOWER_DATA_STUDIO_TEMPLATES_VSCODE-OLD_STATUS: deprecated
      TOWER_DATA_STUDIO_TEMPLATES_VSCODE-OLD_TOOL: vscode
      TOWER_DATA_STUDIO_TEMPLATES_VSCODE_ICON: vscode
      TOWER_DATA_STUDIO_TEMPLATES_VSCODE_REPOSITORY: public.cr.seqera.io/platform/data-studio-vscode:1.101.2-0.8
      TOWER_DATA_STUDIO_TEMPLATES_VSCODE_STATUS: recommended
      TOWER_DATA_STUDIO_TEMPLATES_VSCODE_TOOL: vscode
      TOWER_DATA_STUDIO_TEMPLATES_XPRA_ICON: xpra
      TOWER_DATA_STUDIO_TEMPLATES_XPRA_REPOSITORY: public.cr.seqera.io/platform/data-studio-xpra:6.2.0-r2-1-0.8
      TOWER_DATA_STUDIO_TEMPLATES_XPRA_STATUS: recommended
      TOWER_DATA_STUDIO_TEMPLATES_XPRA_TOOL: xpra
      TOWER_OIDC_PEM_PATH: /data/certs/oidc.pem
    kind: ConfigMap
    metadata:
      annotations: {}
      labels:
        app.kubernetes.io/instance: RELEASE-NAME
        app.kubernetes.io/managed-by: Helm
        app.kubernetes.io/name: platform
        app.kubernetes.io/version: v9.9.9
        helm.sh/chart: platform-1.2.3
      name: release-name-platform-backend
      namespace: NAMESPACE
should render custom Studios tool with deprecated and experimental versions when provided:
  1: |
    apiVersion: v1
    data:
      GROUNDSWELL_SERVER_URL: http://RELEASE-NAME-pipeline-optimization:8090
      MICRONAUT_ENVIRONMENTS: prod,redis,ha,wave,groundswell
      TOWER_DATA_EXPLORER_ENABLED: "false"
      TOWER_DATA_STUDIO_CONNECT_URL: https://connect.studios.example.com
      TOWER_DATA_STUDIO_TEMPLATES_CUSTOMTOOL-EXPERIMENTAL_ICON: customtool
      TOWER_DATA_STUDIO_TEMPLATES_CUSTOMTOOL-EXPERIMENTAL_REPOSITORY: registry.example.com/custom-tool:v3.0.0
      TOWER_DATA_STUDIO_TEMPLATES_CUSTOMTOOL-EXPERIMENTAL_STATUS: experimental
      TOWER_DATA_STUDIO_TEMPLATES_CUSTOMTOOL-EXPERIMENTAL_TOOL: customtool
      TOWER_DATA_STUDIO_TEMPLATES_CUSTOMTOOL-OLD_ICON: customtool
      TOWER_DATA_STUDIO_TEMPLATES_CUSTOMTOOL-OLD_REPOSITORY: registry.example.com/custom-tool:v1.0.0
      TOWER_DATA_STUDIO_TEMPLATES_CUSTOMTOOL-OLD_STATUS: deprecated
      TOWER_DATA_STUDIO_TEMPLATES_CUSTOMTOOL-OLD_TOOL: customtool
      TOWER_DATA_STUDIO_TEMPLATES_CUSTOMTOOL_ICON: customtool
      TOWER_DATA_STUDIO_TEMPLATES_CUSTOMTOOL_REPOSITORY: registry.example.com/custom-tool:v2.0.0
      TOWER_DATA_STUDIO_TEMPLATES_CUSTOMTOOL_STATUS: recommended
      TOWER_DATA_STUDIO_TEMPLATES_CUSTOMTOOL_TOOL: customtool
      TOWER_DATA_STUDIO_TEMPLATES_JUPYTER-OLD_ICON: jupyter
      TOWER_DATA_STUDIO_TEMPLATES_JUPYTER-OLD_REPOSITORY: public.cr.seqera.io/platform/data-studio-jupyter:4.1.5-0.7.1
      TOWER_DATA_STUDIO_TEMPLATES_JUPYTER-OLD_STATUS: deprecated
      TOWER_DATA_STUDIO_TEMPLATES_JUPYTER-OLD_TOOL: jupyter
      TOWER_DATA_STUDIO_TEMPLATES_JUPYTER_ICON: jupyter
      TOWER_DATA_STUDIO_TEMPLATES_JUPYTER_REPOSITORY: public.cr.seqera.io/platform/data-studio-jupyter:4.2.5-0.8
      TOWER_DATA_STUDIO_TEMPLATES_JUPYTER_STATUS: recommended
      TOWER_DATA_STUDIO_TEMPLATES_JUPYTER_TOOL: jupyter
      TOWER_DATA_STUDIO_TEMPLATES_RSTUDIO_ICON: rstudio
      TOWER_DATA_STUDIO_TEMPLATES_RSTUDIO_REPOSITORY: public.cr.seqera.io/platform/data-studio-ride:2025.04.1-0.8
      TOWER_DATA_STUDIO_TEMPLATES_RSTUDIO_STATUS: recommended
      TOWER_DATA_STUDIO_TEMPLATES_RSTUDIO_TOOL: rstudio
      TOWER_DATA_STUDIO_TEMPLATES_VSCODE-OLD_ICON: vscode
      TOWER_DATA_STUDIO_TEMPLATES_VSCODE-OLD_REPOSITORY: public.cr.seqera.io/platform/data-studio-vscode:1.93.1-0.8
      TOWER_DATA_STUDIO_TEMPLATES_VSCODE-OLD_STATUS: deprecated
      TOWER_DATA_STUDIO_TEMPLATES_VSCODE-OLD_TOOL: vscode
      TOWER_DATA_STUDIO_TEMPLATES_VSCODE_ICON: vscode
      TOWER_DATA_STUDIO_TEMPLATES_VSCODE_REPOSITORY: public.cr.seqera.io/platform/data-studio-vscode:1.101.2-0.8
      TOWER_DATA_STUDIO_TEMPLATES_VSCODE_STATUS: recommended
      TOWER_DATA_STUDIO_TEMPLATES_VSCODE_TOOL: vscode
      TOWER_DATA_STUDIO_TEMPLATES_XPRA_ICON: xpra
      TOWER_DATA_STUDIO_TEMPLATES_XPRA_REPOSITORY: public.cr.seqera.io/platform/data-studio-xpra:6.2.0-r2-1-0.8
      TOWER_DATA_STUDIO_TEMPLATES_XPRA_STATUS: recommended
      TOWER_DATA_STUDIO_TEMPLATES_XPRA_TOOL: xpra
      TOWER_OIDC_PEM_PATH: /data/certs/oidc.pem
    kind: ConfigMap
    metadata:
      annotations: {}
      labels:
        app.kubernetes.io/instance: RELEASE-NAME
        app.kubernetes.io/managed-by: Helm
        app.kubernetes.io/name: platform
        app.kubernetes.io/version: v9.9.9
        helm.sh/chart: platform-1.2.3
      name: release-name-platform-backend
      namespace: NAMESPACE
should render custom Studios tool with deprecated version when provided:
  1: |
    apiVersion: v1
    data:
      GROUNDSWELL_SERVER_URL: http://RELEASE-NAME-pipeline-optimization:8090
      MICRONAUT_ENVIRONMENTS: prod,redis,ha,wave,groundswell
      TOWER_DATA_EXPLORER_ENABLED: "false"
      TOWER_DATA_STUDIO_CONNECT_URL: https://connect.studios.example.com
      TOWER_DATA_STUDIO_TEMPLATES_CUSTOMTOOL-OLD_ICON: customtool
      TOWER_DATA_STUDIO_TEMPLATES_CUSTOMTOOL-OLD_REPOSITORY: registry.example.com/custom-tool:v1.0.0
      TOWER_DATA_STUDIO_TEMPLATES_CUSTOMTOOL-OLD_STATUS: deprecated
      TOWER_DATA_STUDIO_TEMPLATES_CUSTOMTOOL-OLD_TOOL: customtool
      TOWER_DATA_STUDIO_TEMPLATES_CUSTOMTOOL_ICON: customtool
      TOWER_DATA_STUDIO_TEMPLATES_CUSTOMTOOL_REPOSITORY: registry.example.com/custom-tool:v2.0.0
      TOWER_DATA_STUDIO_TEMPLATES_CUSTOMTOOL_STATUS: recommended
      TOWER_DATA_STUDIO_TEMPLATES_CUSTOMTOOL_TOOL: customtool
      TOWER_DATA_STUDIO_TEMPLATES_JUPYTER-OLD_ICON: jupyter
      TOWER_DATA_STUDIO_TEMPLATES_JUPYTER-OLD_REPOSITORY: public.cr.seqera.io/platform/data-studio-jupyter:4.1.5-0.7.1
      TOWER_DATA_STUDIO_TEMPLATES_JUPYTER-OLD_STATUS: deprecated
      TOWER_DATA_STUDIO_TEMPLATES_JUPYTER-OLD_TOOL: jupyter
      TOWER_DATA_STUDIO_TEMPLATES_JUPYTER_ICON: jupyter
      TOWER_DATA_STUDIO_TEMPLATES_JUPYTER_REPOSITORY: public.cr.seqera.io/platform/data-studio-jupyter:4.2.5-0.8
      TOWER_DATA_STUDIO_TEMPLATES_JUPYTER_STATUS: recommended
      TOWER_DATA_STUDIO_TEMPLATES_JUPYTER_TOOL: jupyter
      TOWER_DATA_STUDIO_TEMPLATES_RSTUDIO_ICON: rstudio
      TOWER_DATA_STUDIO_TEMPLATES_RSTUDIO_REPOSITORY: public.cr.seqera.io/platform/data-studio-ride:2025.04.1-0.8
      TOWER_DATA_STUDIO_TEMPLATES_RSTUDIO_STATUS: recommended
      TOWER_DATA_STUDIO_TEMPLATES_RSTUDIO_TOOL: rstudio
      TOWER_DATA_STUDIO_TEMPLATES_VSCODE-OLD_ICON: vscode
      TOWER_DATA_STUDIO_TEMPLATES_VSCODE-OLD_REPOSITORY: public.cr.seqera.io/platform/data-studio-vscode:1.93.1-0.8
      TOWER_DATA_STUDIO_TEMPLATES_VSCODE-OLD_STATUS: deprecated
      TOWER_DATA_STUDIO_TEMPLATES_VSCODE-OLD_TOOL: vscode
      TOWER_DATA_STUDIO_TEMPLATES_VSCODE_ICON: vscode
      TOWER_DATA_STUDIO_TEMPLATES_VSCODE_REPOSITORY: public.cr.seqera.io/platform/data-studio-vscode:1.101.2-0.8
      TOWER_DATA_STUDIO_TEMPLATES_VSCODE_STATUS: recommended
      TOWER_DATA_STUDIO_TEMPLATES_VSCODE_TOOL: vscode
      TOWER_DATA_STUDIO_TEMPLATES_XPRA_ICON: xpra
      TOWER_DATA_STUDIO_TEMPLATES_XPRA_REPOSITORY: public.cr.seqera.io/platform/data-studio-xpra:6.2.0-r2-1-0.8
      TOWER_DATA_STUDIO_TEMPLATES_XPRA_STATUS: recommended
      TOWER_DATA_STUDIO_TEMPLATES_XPRA_TOOL: xpra
      TOWER_OIDC_PEM_PATH: /data/certs/oidc.pem
    kind: ConfigMap
    metadata:
      annotations: {}
      labels:
        app.kubernetes.io/instance: RELEASE-NAME
        app.kubernetes.io/managed-by: Helm
        app.kubernetes.io/name: platform
        app.kubernetes.io/version: v9.9.9
        helm.sh/chart: platform-1.2.3
      name: release-name-platform-backend
      namespace: NAMESPACE
should render shared cm with default values:
  1: |
    apiVersion: v1
    data:
      TOWER_CONTACT_EMAIL: support@example.com
      TOWER_CONTENT_URL: https://user-data.example.com
      TOWER_DB_DIALECT: io.seqera.util.MySQL8DialectCollateBin
      TOWER_DB_DRIVER: org.mariadb.jdbc.Driver
      TOWER_DB_MAX_LIFETIME: "180000"
      TOWER_DB_MAX_POOL_SIZE: "10"
      TOWER_DB_MIN_POOL_SIZE: "2"
      TOWER_DB_URL: jdbc:mysql://:3306/?permitMysqlScheme=true
      TOWER_DB_USER: ""
      TOWER_ENABLE_PLATFORMS: altair-platform,awsbatch-platform,awscloud-platform,azbatch-platform,azcloud-platform,eks-platform,gke-platform,googlebatch-platform,googlecloud-platform,k8s-platform,local-platform,lsf-platform,moab-platform,slurm-platform
      TOWER_REDIS_URL: redis://:6379
      TOWER_SERVER_URL: https://example.com
      WAVE_SERVER_URL: https://wave.seqera.io
    kind: ConfigMap
    metadata:
      annotations: {}
      labels:
        app.kubernetes.io/instance: RELEASE-NAME
        app.kubernetes.io/managed-by: Helm
        app.kubernetes.io/name: platform
        app.kubernetes.io/version: v9.9.9
        helm.sh/chart: platform-1.2.3
      name: release-name-platform-shared-backend-cron
      namespace: NAMESPACE
