should render the frontend deployment with the correct labels and annotations:
  1: |
    apiVersion: apps/v1
    kind: Deployment
    metadata:
      annotations:
        common-annotation-key: common-annotation-value
      labels:
        app: frontend
        app.kubernetes.io/instance: RELEASE-NAME
        app.kubernetes.io/managed-by: Helm
        app.kubernetes.io/name: platform
        app.kubernetes.io/version: 9.9.9
        helm.sh/chart: platform-9.9.9_test
        key123: this-should-be-overridden-in-pod-labels
        key456: this-should-not-be-overridden
        key789: "8080"
      name: release-name-platform-frontend
      namespace: NAMESPACE
    spec:
      selector:
        matchLabels:
          app: frontend
          app.kubernetes.io/instance: RELEASE-NAME
          app.kubernetes.io/name: platform
      template:
        metadata:
          annotations:
            common-annotation-key: common-annotation-value
            pod-annotation-key: pod-annotation-value
            pod-annotation-key2: "8080"
          labels:
            app: frontend
            app.kubernetes.io/instance: RELEASE-NAME
            app.kubernetes.io/managed-by: Helm
            app.kubernetes.io/name: platform
            app.kubernetes.io/version: 9.9.9
            helm.sh/chart: platform-9.9.9_test
            key123: this-overrides-the-commonLabels
            key456: this-should-not-be-overridden
            key789: "8080"
        spec:
          containers:
            - env:
                - name: NGINX_UPSTREAM_HOST
                  value: release-name-platform-backend
                - name: NGINX_UPSTREAM_PORT
                  value: "8080"
                - name: NGINX_LISTEN_PORT
                  value: "8083"
              envFrom: null
              image: cr.seqera.io/private/nf-tower-enterprise/frontend:9.9.9-unprivileged
              imagePullPolicy: IfNotPresent
              livenessProbe:
                failureThreshold: 10
                httpGet:
                  path: /health
                  port: 8080
                initialDelaySeconds: 5
                periodSeconds: 10
                successThreshold: 1
                timeoutSeconds: 3
              name: frontend
              readinessProbe:
                failureThreshold: 5
                httpGet:
                  path: /health
                  port: 8080
                initialDelaySeconds: 5
                periodSeconds: 5
                successThreshold: 1
                timeoutSeconds: 3
              securityContext:
                capabilities:
                  drop:
                    - ALL
                readOnlyRootFilesystem: true
                runAsNonRoot: true
                runAsUser: 101
              volumeMounts:
                - mountPath: /tmp/
                  name: tmp-volume
                - mountPath: /etc/nginx/conf.d/
                  name: nginx-conf-volume
          initContainers: null
          securityContext:
            fsGroup: 101
          serviceAccountName: release-name-platform-sa
          volumes:
            - emptyDir:
                sizeLimit: 100Mi
              name: tmp-volume
            - emptyDir:
                sizeLimit: 10Mi
              name: nginx-conf-volume
