should configure extra hosts:
  1: |
    apiVersion: networking.k8s.io/v1
    kind: Ingress
    metadata:
      annotations: {}
      labels:
        app.kubernetes.io/instance: RELEASE-NAME
        app.kubernetes.io/managed-by: Helm
        app.kubernetes.io/name: platform
        app.kubernetes.io/version: v9.9.9
        helm.sh/chart: platform-1.2.3
      name: release-name-platform
      namespace: NAMESPACE
    spec:
      rules:
        - host: example.com
          http:
            paths:
              - backend:
                  service:
                    name: release-name-platform-frontend
                    port:
                      number: 80
                path: /
                pathType: ImplementationSpecific
        - host: user-data.example.com
          http:
            paths:
              - backend:
                  service:
                    name: release-name-platform-frontend
                    port:
                      number: 80
                path: /
                pathType: ImplementationSpecific
        - host: api.example.com
          http:
            paths:
              - backend:
                  service:
                    name: release-name-platform-backend
                    port:
                      number: 8080
                path: /*
                pathType: Prefix
        - host: www.example.com
          http:
            paths:
              - backend:
                  service:
                    name: release-name-platform-frontend
                    port:
                      number: 80
                path: /*
                pathType: Prefix
should render ingress when enabled:
  1: |
    apiVersion: networking.k8s.io/v1
    kind: Ingress
    metadata:
      annotations: {}
      labels:
        app.kubernetes.io/instance: RELEASE-NAME
        app.kubernetes.io/managed-by: Helm
        app.kubernetes.io/name: platform
        app.kubernetes.io/version: v9.9.9
        helm.sh/chart: platform-1.2.3
      name: release-name-platform
      namespace: NAMESPACE
    spec:
      rules:
        - host: example.com
          http:
            paths:
              - backend:
                  service:
                    name: release-name-platform-frontend
                    port:
                      number: 80
                path: /
                pathType: ImplementationSpecific
        - host: user-data.example.com
          http:
            paths:
              - backend:
                  service:
                    name: release-name-platform-frontend
                    port:
                      number: 80
                path: /
                pathType: ImplementationSpecific
