should render complete ingress with all options:
  1: |
    apiVersion: networking.k8s.io/v1
    kind: Ingress
    metadata:
      annotations:
        cert-manager.io/cluster-issuer: letsencrypt
        common-annotation: common-value
      labels:
        app.kubernetes.io/instance: RELEASE-NAME
        app.kubernetes.io/managed-by: Helm
        app.kubernetes.io/name: pipeline-optimization
        app.kubernetes.io/version: v9.9.9
        environment: production
        helm.sh/chart: pipeline-optimization-1.2.3
        team: platform
      name: release-name-pipeline-optimization
      namespace: NAMESPACE
    spec:
      defaultBackend:
        service:
          name: default-backend
          port:
            number: 8080
      ingressClassName: nginx
      rules:
        - host: optimization.example.com
          http:
            paths:
              - backend:
                  service:
                    name: release-name-pipeline-optimization
                    port:
                      number: 8090
                path: /*
                pathType: Prefix
        - host: api.optimization.example.com
          http:
            paths:
              - backend:
                  service:
                    name: api-service
                    port:
                      number: 9090
                path: /
                pathType: Prefix
      tls:
        - hosts:
            - optimization.example.com
            - user-data.optimization.example.com
          secretName: wildcard-tls
should render complete ingress with default values:
  1: |
    apiVersion: networking.k8s.io/v1
    kind: Ingress
    metadata:
      annotations: {}
      labels:
        app.kubernetes.io/instance: RELEASE-NAME
        app.kubernetes.io/managed-by: Helm
        app.kubernetes.io/name: pipeline-optimization
        app.kubernetes.io/version: v9.9.9
        helm.sh/chart: pipeline-optimization-1.2.3
      name: release-name-pipeline-optimization
      namespace: NAMESPACE
    spec:
      rules:
        - host: optimization.example.com
          http:
            paths:
              - backend:
                  service:
                    name: release-name-pipeline-optimization
                    port:
                      number: 8090
                path: /
                pathType: ImplementationSpecific
