should create the imagepullsecret with multiple credentials:
  1: |
    apiVersion: v1
    data:
      .dockerconfigjson: eyJhdXRocyI6eyJyZWdpc3RyeTEuZXhhbXBsZS5jb20vcmVwbzEiOnsidXNlcm5hbWUiOiJ1c2VybmFtZTEiLCJwYXNzd29yZCI6InBhc3N3b3JkMSIsImF1dGgiOiJkWE5sY201aGJXVXhPbkJoYzNOM2IzSmtNUT09In0sInJlZ2lzdHJ5Mi5leGFtcGxlLmNvbS9yZXBvMiI6eyJ1c2VybmFtZSI6InVzZXJuYW1lMiIsInBhc3N3b3JkIjoicGFzc3dvcmQyIiwiYXV0aCI6ImRYTmxjbTVoYldVeU9uQmhjM04zYjNKa01nPT0ifX19
    kind: Secret
    metadata:
      annotations: {}
      labels:
        app.kubernetes.io/instance: RELEASE-NAME
        app.kubernetes.io/managed-by: Helm
        app.kubernetes.io/name: pipeline-optimization
        app.kubernetes.io/version: v9.9.9
        helm.sh/chart: pipeline-optimization-1.2.3
      name: release-name-pipeline-optimization-imagepullsecret
      namespace: NAMESPACE
    type: kubernetes.io/dockerconfigjson
should evaluate template expressions in secretAnnotations:
  1: |
    apiVersion: v1
    data:
      SWELL_DB_PASSWORD: Zml4ZWQtc3dlbGwtcGFzc3dvcmQ=
      TOWER_DB_PASSWORD: Zml4ZWQtcGxhdGZvcm0tcGFzc3dvcmQ=
    kind: Secret
    metadata:
      annotations:
        app-version: v9.9.9
        release-name: RELEASE-NAME
      labels:
        app.kubernetes.io/instance: RELEASE-NAME
        app.kubernetes.io/managed-by: Helm
        app.kubernetes.io/name: pipeline-optimization
        app.kubernetes.io/version: v9.9.9
        helm.sh/chart: pipeline-optimization-1.2.3
      name: release-name-pipeline-optimization
      namespace: NAMESPACE
    type: Opaque
should evaluate template expressions in secretLabels:
  1: |
    apiVersion: v1
    data:
      SWELL_DB_PASSWORD: Zml4ZWQtc3dlbGwtcGFzc3dvcmQ=
      TOWER_DB_PASSWORD: Zml4ZWQtcGxhdGZvcm0tcGFzc3dvcmQ=
    kind: Secret
    metadata:
      annotations: {}
      labels:
        app.kubernetes.io/instance: RELEASE-NAME
        app.kubernetes.io/managed-by: Helm
        app.kubernetes.io/name: pipeline-optimization
        app.kubernetes.io/version: v9.9.9
        chart: pipeline-optimization
        helm.sh/chart: pipeline-optimization-1.2.3
        release: RELEASE-NAME
      name: release-name-pipeline-optimization
      namespace: NAMESPACE
    type: Opaque
should merge commonAnnotations and secretAnnotations:
  1: |
    apiVersion: v1
    data:
      SWELL_DB_PASSWORD: Zml4ZWQtc3dlbGwtcGFzc3dvcmQ=
      TOWER_DB_PASSWORD: Zml4ZWQtcGxhdGZvcm0tcGFzc3dvcmQ=
    kind: Secret
    metadata:
      annotations:
        example.com/annotation: common-value
        secret.example.com/annotation: secret-specific
      labels:
        app.kubernetes.io/instance: RELEASE-NAME
        app.kubernetes.io/managed-by: Helm
        app.kubernetes.io/name: pipeline-optimization
        app.kubernetes.io/version: v9.9.9
        helm.sh/chart: pipeline-optimization-1.2.3
      name: release-name-pipeline-optimization
      namespace: NAMESPACE
    type: Opaque
should merge commonLabels and secretLabels:
  1: |
    apiVersion: v1
    data:
      SWELL_DB_PASSWORD: Zml4ZWQtc3dlbGwtcGFzc3dvcmQ=
      TOWER_DB_PASSWORD: Zml4ZWQtcGxhdGZvcm0tcGFzc3dvcmQ=
    kind: Secret
    metadata:
      annotations: {}
      labels:
        app.kubernetes.io/component: secret
        app.kubernetes.io/instance: RELEASE-NAME
        app.kubernetes.io/managed-by: Helm
        app.kubernetes.io/name: pipeline-optimization
        app.kubernetes.io/version: v9.9.9
        custom-label: custom-value
        environment: production
        helm.sh/chart: pipeline-optimization-1.2.3
        team: platform
      name: release-name-pipeline-optimization
      namespace: NAMESPACE
    type: Opaque
should render complete secret with both passwords:
  1: |
    apiVersion: v1
    data:
      SWELL_DB_PASSWORD: c3dlbGwtc2VjcmV0
      TOWER_DB_PASSWORD: cGxhdGZvcm0tc2VjcmV0
    kind: Secret
    metadata:
      annotations: {}
      labels:
        app.kubernetes.io/instance: RELEASE-NAME
        app.kubernetes.io/managed-by: Helm
        app.kubernetes.io/name: pipeline-optimization
        app.kubernetes.io/version: v9.9.9
        helm.sh/chart: pipeline-optimization-1.2.3
      name: release-name-pipeline-optimization
      namespace: NAMESPACE
    type: Opaque
